// Jest Snapshot v1, https://goo.gl/fbAQLP

exports[`should correctly render LoginPage 1`] = `
<View
  collapsable={false}
  style={
    Array [
      Object {
        "flex": 1,
        "overflow": "hidden",
      },
      undefined,
    ]
  }
>
  <TabBar
    getAccessibilityLabel={[Function]}
    getAccessible={[Function]}
    getLabelText={[Function]}
    getTestID={[Function]}
    jumpTo={[Function]}
    layout={
      Object {
        "measured": false,
        "width": 750,
      }
    }
    navigationState={
      Object {
        "index": 0,
        "problemsLoaded": false,
        "routes": Array [
          Object {
            "key": "first",
            "title": "List",
          },
          Object {
            "key": "second",
            "title": "Map",
          },
        ],
      }
    }
    offsetX={0}
    panX={0}
    position={-0}
    useNativeDriver={false}
  />
  <View
    onLayout={[Function]}
    style={
      Object {
        "flex": 1,
      }
    }
  >
    <PagerScroll
      canJumpToTab={[Function]}
      getTestID={[Function]}
      jumpTo={[Function]}
      layout={
        Object {
          "measured": false,
          "width": 750,
        }
      }
      navigationState={
        Object {
          "index": 0,
          "problemsLoaded": false,
          "routes": Array [
            Object {
              "key": "first",
              "title": "List",
            },
            Object {
              "key": "second",
              "title": "Map",
            },
          ],
        }
      }
      offsetX={0}
      panX={0}
      position={-0}
      useNativeDriver={false}
    >
      <SceneComponent
        component={[Function]}
        jumpTo={[Function]}
        key="first"
        route={
          Object {
            "key": "first",
            "title": "List",
          }
        }
      />
      <View
        key="second"
      />
    </PagerScroll>
  </View>
</View>
`;
